// Jest Snapshot v1, https://goo.gl/fbAQLP

exports[`Constants: BLUETOOTH Matches snapshot 1`] = `
Object {
  "READ_CHARACTERISTIC_UUID": "6e400002-b5a3-f393-e0a9-e50e24dcca9e",
  "UART_SERVICE_UUID": "6e400001-b5a3-f393-e0a9-e50e24dcca9e",
  "WRITE_CHARACTERISTIC_UUID": "6e400003-b5a3-f393-e0a9-e50e24dcca9e",
}
`;
