// Jest Snapshot v1, https://goo.gl/fbAQLP

exports[`Constants: PERMISSION Matches snapshot 1`] = `
Object {
  "BLACK_CIRCLE": "●",
  "CELSIUS": "C",
  "DASH": "-",
  "DEGREE": "°",
  "DEGREE_CELSIUS": "°C",
}
`;
